Training MA-shared-comm_TraceFaults_seed3
Token authentication is enabled for this Ray cluster. Set RAY_AUTH_MODE=disabled to opt out. For more information, see https://docs.ray.io/en/latest/ray-security/token-auth.html
2026-10-08 00:59:43,761	WARNING algorithm_config.py:5160 -- You are running PPO on the new API stack! This is the new default behavior for this algorithm. If you don't want to use the new API stack, set `config.api_stack(enable_rl_module_and_learner=False,enable_env_runner_and_connector_v2=False)`. For a detailed migration guide, see here: https://docs.ray.io/en/master/rllib/new-api-stack-migration-guide.html
DeprecationWarning: `RLModule(config=[RLModuleConfig object])` has been deprecated. Use `RLModule(observation_space=.., action_space=.., inference_only=.., model_config=.., catalog_class=..)` instead. This will raise an error in the future!
Install gputil for GPU system monitoring.
    20486 steps  val     1.5
    40977 steps  val     5.4
    61466 steps  val    23.4
    81954 steps  val    24.4
   102437 steps  val    27.7
   122921 steps  val    38.9
   143407 steps  val    31.4
   163893 steps  val    36.9
   180282 steps  val    42.6
   200769 steps  val    47.4
   221256 steps  val    41.1
   241742 steps  val    39.2
   262228 steps  val    53.9
   282714 steps  val    52.5
   303201 steps  val    54.9
   323688 steps  val    55.8
   340077 steps  val    54.5
   360564 steps  val    55.2
   381050 steps  val    55.3
   401537 steps  val    53.6
Done MA-shared-comm_TraceFaults_seed3: best validation reward 55.8
