Training MA-shared-nocomm_TraceFaults_seed4
Token authentication is enabled for this Ray cluster. Set RAY_AUTH_MODE=disabled to opt out. For more information, see https://docs.ray.io/en/latest/ray-security/token-auth.html
2026-10-08 01:29:17,913	WARNING algorithm_config.py:5160 -- You are running PPO on the new API stack! This is the new default behavior for this algorithm. If you don't want to use the new API stack, set `config.api_stack(enable_rl_module_and_learner=False,enable_env_runner_and_connector_v2=False)`. For a detailed migration guide, see here: https://docs.ray.io/en/master/rllib/new-api-stack-migration-guide.html
DeprecationWarning: `RLModule(config=[RLModuleConfig object])` has been deprecated. Use `RLModule(observation_space=.., action_space=.., inference_only=.., model_config=.., catalog_class=..)` instead. This will raise an error in the future!
Install gputil for GPU system monitoring.
    20487 steps  val    -1.7
    40970 steps  val     2.7
    61456 steps  val    17.8
    81943 steps  val    19.6
   102427 steps  val    25.5
   122914 steps  val    23.0
   143399 steps  val    41.4
   163885 steps  val    41.2
   180275 steps  val    46.2
   200761 steps  val    51.2
   221247 steps  val    49.2
   241734 steps  val    53.3
   262219 steps  val    50.5
   282705 steps  val    54.6
   303192 steps  val    53.4
   323677 steps  val    54.5
   340068 steps  val    55.1
   360553 steps  val    56.0
   381041 steps  val    56.0
   401527 steps  val    55.6
Done MA-shared-nocomm_TraceFaults_seed4: best validation reward 56.0
