Training MA-shared-nocomm_TraceFaults_seed2
Token authentication is enabled for this Ray cluster. Set RAY_AUTH_MODE=disabled to opt out. For more information, see https://docs.ray.io/en/latest/ray-security/token-auth.html
2026-10-08 01:15:32,061	WARNING algorithm_config.py:5160 -- You are running PPO on the new API stack! This is the new default behavior for this algorithm. If you don't want to use the new API stack, set `config.api_stack(enable_rl_module_and_learner=False,enable_env_runner_and_connector_v2=False)`. For a detailed migration guide, see here: https://docs.ray.io/en/master/rllib/new-api-stack-migration-guide.html
DeprecationWarning: `RLModule(config=[RLModuleConfig object])` has been deprecated. Use `RLModule(observation_space=.., action_space=.., inference_only=.., model_config=.., catalog_class=..)` instead. This will raise an error in the future!
Install gputil for GPU system monitoring.
    20487 steps  val    -1.7
    40973 steps  val     3.0
    61458 steps  val     5.4
    81943 steps  val    15.0
   102430 steps  val    17.4
   122914 steps  val    17.4
   143397 steps  val    25.7
   163884 steps  val    49.3
   180273 steps  val    50.9
   200760 steps  val    52.0
   221247 steps  val    49.1
   241733 steps  val    52.4
   262219 steps  val    51.7
   282707 steps  val    54.1
   303193 steps  val    54.9
   323679 steps  val    55.8
   340068 steps  val    56.1
   360555 steps  val    56.3
   381042 steps  val    54.9
   401528 steps  val    56.2
Done MA-shared-nocomm_TraceFaults_seed2: best validation reward 56.3
