Training MA-shared-nocomm_TraceFaults_seed5
Token authentication is enabled for this Ray cluster. Set RAY_AUTH_MODE=disabled to opt out. For more information, see https://docs.ray.io/en/latest/ray-security/token-auth.html
2026-10-08 01:29:18,480	WARNING algorithm_config.py:5160 -- You are running PPO on the new API stack! This is the new default behavior for this algorithm. If you don't want to use the new API stack, set `config.api_stack(enable_rl_module_and_learner=False,enable_env_runner_and_connector_v2=False)`. For a detailed migration guide, see here: https://docs.ray.io/en/master/rllib/new-api-stack-migration-guide.html
DeprecationWarning: `RLModule(config=[RLModuleConfig object])` has been deprecated. Use `RLModule(observation_space=.., action_space=.., inference_only=.., model_config=.., catalog_class=..)` instead. This will raise an error in the future!
Install gputil for GPU system monitoring.
    20486 steps  val    -0.9
    40970 steps  val     2.7
    61455 steps  val    22.0
    81939 steps  val    16.4
   102425 steps  val    22.9
   122909 steps  val    21.7
   143397 steps  val    33.4
   163884 steps  val    49.4
   180271 steps  val    42.3
   200757 steps  val    52.7
   221242 steps  val    53.2
   241729 steps  val    50.9
   262215 steps  val    49.5
   282702 steps  val    54.1
   303189 steps  val    52.6
   323675 steps  val    53.1
   340065 steps  val    53.6
   360550 steps  val    52.3
   381038 steps  val    54.5
   401524 steps  val    50.4
Done MA-shared-nocomm_TraceFaults_seed5: best validation reward 54.5
