Training MA-separate-comm_TraceFaults_seed3
Token authentication is enabled for this Ray cluster. Set RAY_AUTH_MODE=disabled to opt out. For more information, see https://docs.ray.io/en/latest/ray-security/token-auth.html
2026-10-07 23:50:31,359	WARNING algorithm_config.py:5160 -- You are running PPO on the new API stack! This is the new default behavior for this algorithm. If you don't want to use the new API stack, set `config.api_stack(enable_rl_module_and_learner=False,enable_env_runner_and_connector_v2=False)`. For a detailed migration guide, see here: https://docs.ray.io/en/master/rllib/new-api-stack-migration-guide.html
DeprecationWarning: `RLModule(config=[RLModuleConfig object])` has been deprecated. Use `RLModule(observation_space=.., action_space=.., inference_only=.., model_config=.., catalog_class=..)` instead. This will raise an error in the future!
Install gputil for GPU system monitoring.
    20487 steps  val    -0.2
    40972 steps  val     8.0
    61459 steps  val     5.4
    81944 steps  val    26.5
   102430 steps  val    20.5
   122918 steps  val    38.9
   143403 steps  val    52.8
   163890 steps  val    47.2
   180279 steps  val    42.1
   200766 steps  val    53.6
   221252 steps  val    53.8
   241739 steps  val    54.3
   262226 steps  val    54.0
   282711 steps  val    55.0
   303199 steps  val    55.5
   323684 steps  val    55.2
   340074 steps  val    55.9
   360560 steps  val    56.1
   381047 steps  val    55.9
   401534 steps  val    56.0
Done MA-separate-comm_TraceFaults_seed3: best validation reward 56.1
