Training MA-shared-nocomm_TraceFaults_seed3
Token authentication is enabled for this Ray cluster. Set RAY_AUTH_MODE=disabled to opt out. For more information, see https://docs.ray.io/en/latest/ray-security/token-auth.html
2026-10-08 01:16:48,479	WARNING algorithm_config.py:5160 -- You are running PPO on the new API stack! This is the new default behavior for this algorithm. If you don't want to use the new API stack, set `config.api_stack(enable_rl_module_and_learner=False,enable_env_runner_and_connector_v2=False)`. For a detailed migration guide, see here: https://docs.ray.io/en/master/rllib/new-api-stack-migration-guide.html
DeprecationWarning: `RLModule(config=[RLModuleConfig object])` has been deprecated. Use `RLModule(observation_space=.., action_space=.., inference_only=.., model_config=.., catalog_class=..)` instead. This will raise an error in the future!
Install gputil for GPU system monitoring.
    20486 steps  val    16.2
    40970 steps  val    14.3
    61455 steps  val    27.4
    81944 steps  val    32.2
   102431 steps  val    28.0
   122919 steps  val    46.6
   143405 steps  val    51.7
   163891 steps  val    52.6
   180280 steps  val    52.4
   200765 steps  val    50.1
   221251 steps  val    53.8
   241738 steps  val    52.7
   262225 steps  val    53.8
   282711 steps  val    54.7
   303198 steps  val    54.5
   323683 steps  val    55.6
   340074 steps  val    56.5
   360559 steps  val    54.9
   381046 steps  val    55.9
   401534 steps  val    56.5
Done MA-shared-nocomm_TraceFaults_seed3: best validation reward 56.5
