Training MA-separate-nocomm_TraceFaults_seed1
Token authentication is enabled for this Ray cluster. Set RAY_AUTH_MODE=disabled to opt out. For more information, see https://docs.ray.io/en/latest/ray-security/token-auth.html
2026-10-08 00:08:06,634	WARNING algorithm_config.py:5160 -- You are running PPO on the new API stack! This is the new default behavior for this algorithm. If you don't want to use the new API stack, set `config.api_stack(enable_rl_module_and_learner=False,enable_env_runner_and_connector_v2=False)`. For a detailed migration guide, see here: https://docs.ray.io/en/master/rllib/new-api-stack-migration-guide.html
DeprecationWarning: `RLModule(config=[RLModuleConfig object])` has been deprecated. Use `RLModule(observation_space=.., action_space=.., inference_only=.., model_config=.., catalog_class=..)` instead. This will raise an error in the future!
Install gputil for GPU system monitoring.
    20486 steps  val    -0.1
    40974 steps  val     7.8
    61454 steps  val     5.3
    81941 steps  val    18.2
   102429 steps  val    16.8
   122914 steps  val    18.9
   143398 steps  val    50.1
   163886 steps  val    52.9
   180274 steps  val    52.8
   200762 steps  val    54.6
   221248 steps  val    53.1
   241734 steps  val    54.6
   262222 steps  val    55.2
   282708 steps  val    53.8
   303194 steps  val    55.1
   323682 steps  val    55.8
   340070 steps  val    55.7
   360550 steps  val    56.4
   381030 steps  val    54.1
   401510 steps  val    54.7
Done MA-separate-nocomm_TraceFaults_seed1: best validation reward 56.4
