Training MA-shared-comm_TraceFaults_seed1
Token authentication is enabled for this Ray cluster. Set RAY_AUTH_MODE=disabled to opt out. For more information, see https://docs.ray.io/en/latest/ray-security/token-auth.html
2026-10-08 00:43:40,503	WARNING algorithm_config.py:5160 -- You are running PPO on the new API stack! This is the new default behavior for this algorithm. If you don't want to use the new API stack, set `config.api_stack(enable_rl_module_and_learner=False,enable_env_runner_and_connector_v2=False)`. For a detailed migration guide, see here: https://docs.ray.io/en/master/rllib/new-api-stack-migration-guide.html
DeprecationWarning: `RLModule(config=[RLModuleConfig object])` has been deprecated. Use `RLModule(observation_space=.., action_space=.., inference_only=.., model_config=.., catalog_class=..)` instead. This will raise an error in the future!
Install gputil for GPU system monitoring.
    20485 steps  val    -1.7
    40968 steps  val     6.4
    61452 steps  val    15.3
    81940 steps  val    15.5
   102426 steps  val    26.5
   122914 steps  val    48.9
   143401 steps  val    42.7
   163888 steps  val    50.0
   180276 steps  val    50.7
   200763 steps  val    52.4
   221249 steps  val    51.5
   241736 steps  val    53.5
   262222 steps  val    53.0
   282709 steps  val    53.7
   303196 steps  val    55.0
   323682 steps  val    54.3
   340072 steps  val    54.7
   360558 steps  val    54.8
   381044 steps  val    55.2
   401532 steps  val    54.6
Done MA-shared-comm_TraceFaults_seed1: best validation reward 55.2
