Training MA-shared-comm_TraceFaults_seed4
Token authentication is enabled for this Ray cluster. Set RAY_AUTH_MODE=disabled to opt out. For more information, see https://docs.ray.io/en/latest/ray-security/token-auth.html
2026-10-08 00:59:50,165	WARNING algorithm_config.py:5160 -- You are running PPO on the new API stack! This is the new default behavior for this algorithm. If you don't want to use the new API stack, set `config.api_stack(enable_rl_module_and_learner=False,enable_env_runner_and_connector_v2=False)`. For a detailed migration guide, see here: https://docs.ray.io/en/master/rllib/new-api-stack-migration-guide.html
DeprecationWarning: `RLModule(config=[RLModuleConfig object])` has been deprecated. Use `RLModule(observation_space=.., action_space=.., inference_only=.., model_config=.., catalog_class=..)` instead. This will raise an error in the future!
Install gputil for GPU system monitoring.
    20484 steps  val    -1.7
    40972 steps  val     5.1
    61457 steps  val    13.5
    81942 steps  val    34.9
   102428 steps  val    26.6
   122916 steps  val    47.0
   143403 steps  val    34.9
   163888 steps  val    49.4
   180278 steps  val    48.7
   200764 steps  val    51.7
   221251 steps  val    52.8
   241737 steps  val    54.4
   262223 steps  val    51.2
   282711 steps  val    54.0
   303196 steps  val    52.3
   323683 steps  val    54.1
   340072 steps  val    54.4
   360559 steps  val    55.1
   381047 steps  val    54.4
   401532 steps  val    55.0
Done MA-shared-comm_TraceFaults_seed4: best validation reward 55.1
