Training MA-separate-nocomm_TraceFaults_seed2
Token authentication is enabled for this Ray cluster. Set RAY_AUTH_MODE=disabled to opt out. For more information, see https://docs.ray.io/en/latest/ray-security/token-auth.html
2026-10-08 00:25:33,001	WARNING algorithm_config.py:5160 -- You are running PPO on the new API stack! This is the new default behavior for this algorithm. If you don't want to use the new API stack, set `config.api_stack(enable_rl_module_and_learner=False,enable_env_runner_and_connector_v2=False)`. For a detailed migration guide, see here: https://docs.ray.io/en/master/rllib/new-api-stack-migration-guide.html
DeprecationWarning: `RLModule(config=[RLModuleConfig object])` has been deprecated. Use `RLModule(observation_space=.., action_space=.., inference_only=.., model_config=.., catalog_class=..)` instead. This will raise an error in the future!
Install gputil for GPU system monitoring.
    20491 steps  val    -1.7
    40974 steps  val    19.2
    61460 steps  val    46.1
    81947 steps  val    10.4
   102432 steps  val    25.5
   122919 steps  val    49.0
   143406 steps  val    38.8
   163892 steps  val    48.8
   180282 steps  val    53.7
   200767 steps  val    53.4
   221254 steps  val    54.8
   241740 steps  val    55.4
   262227 steps  val    54.2
   282714 steps  val    54.9
   303200 steps  val    55.1
   323686 steps  val    56.0
   340076 steps  val    55.3
   360562 steps  val    53.3
   381048 steps  val    53.6
   401535 steps  val    55.3
Done MA-separate-nocomm_TraceFaults_seed2: best validation reward 56.0
