Training MA-separate-nocomm_TraceFaults_seed5
Token authentication is enabled for this Ray cluster. Set RAY_AUTH_MODE=disabled to opt out. For more information, see https://docs.ray.io/en/latest/ray-security/token-auth.html
2026-10-08 00:43:38,289	WARNING algorithm_config.py:5160 -- You are running PPO on the new API stack! This is the new default behavior for this algorithm. If you don't want to use the new API stack, set `config.api_stack(enable_rl_module_and_learner=False,enable_env_runner_and_connector_v2=False)`. For a detailed migration guide, see here: https://docs.ray.io/en/master/rllib/new-api-stack-migration-guide.html
DeprecationWarning: `RLModule(config=[RLModuleConfig object])` has been deprecated. Use `RLModule(observation_space=.., action_space=.., inference_only=.., model_config=.., catalog_class=..)` instead. This will raise an error in the future!
Install gputil for GPU system monitoring.
    20489 steps  val    19.3
    40973 steps  val     5.3
    61458 steps  val     5.4
    81944 steps  val    15.9
   102433 steps  val    35.9
   122919 steps  val    52.1
   143407 steps  val    46.3
   163892 steps  val    43.7
   180282 steps  val    43.2
   200768 steps  val    43.2
   221254 steps  val    43.6
   241741 steps  val    49.7
   262228 steps  val    47.7
   282714 steps  val    53.0
   303199 steps  val    55.8
   323687 steps  val    55.5
   340075 steps  val    56.1
   360563 steps  val    52.8
   381049 steps  val    54.4
   401535 steps  val    54.2
Done MA-separate-nocomm_TraceFaults_seed5: best validation reward 56.1
