Training MA-separate-nocomm_TraceFaults_seed4
Token authentication is enabled for this Ray cluster. Set RAY_AUTH_MODE=disabled to opt out. For more information, see https://docs.ray.io/en/latest/ray-security/token-auth.html
2026-10-08 00:25:38,694	WARNING algorithm_config.py:5160 -- You are running PPO on the new API stack! This is the new default behavior for this algorithm. If you don't want to use the new API stack, set `config.api_stack(enable_rl_module_and_learner=False,enable_env_runner_and_connector_v2=False)`. For a detailed migration guide, see here: https://docs.ray.io/en/master/rllib/new-api-stack-migration-guide.html
DeprecationWarning: `RLModule(config=[RLModuleConfig object])` has been deprecated. Use `RLModule(observation_space=.., action_space=.., inference_only=.., model_config=.., catalog_class=..)` instead. This will raise an error in the future!
Install gputil for GPU system monitoring.
    20487 steps  val     1.1
    40971 steps  val     5.4
    61460 steps  val     5.3
    81948 steps  val    11.1
   102434 steps  val     9.3
   122921 steps  val    31.3
   143407 steps  val    50.4
   163894 steps  val    47.6
   180283 steps  val    53.6
   200770 steps  val    53.3
   221257 steps  val    55.2
   241742 steps  val    46.4
   262230 steps  val    54.3
   282716 steps  val    55.6
   303202 steps  val    53.6
   323689 steps  val    53.3
   340077 steps  val    54.0
   360565 steps  val    55.2
   381050 steps  val    53.2
   401537 steps  val    51.0
Done MA-separate-nocomm_TraceFaults_seed4: best validation reward 55.6
