Training MA-shared-nocomm_TraceFaults_seed1
Token authentication is enabled for this Ray cluster. Set RAY_AUTH_MODE=disabled to opt out. For more information, see https://docs.ray.io/en/latest/ray-security/token-auth.html
2026-10-08 01:15:26,673	WARNING algorithm_config.py:5160 -- You are running PPO on the new API stack! This is the new default behavior for this algorithm. If you don't want to use the new API stack, set `config.api_stack(enable_rl_module_and_learner=False,enable_env_runner_and_connector_v2=False)`. For a detailed migration guide, see here: https://docs.ray.io/en/master/rllib/new-api-stack-migration-guide.html
DeprecationWarning: `RLModule(config=[RLModuleConfig object])` has been deprecated. Use `RLModule(observation_space=.., action_space=.., inference_only=.., model_config=.., catalog_class=..)` instead. This will raise an error in the future!
Install gputil for GPU system monitoring.
    20486 steps  val    -1.7
    40972 steps  val     3.3
    61457 steps  val    25.6
    81944 steps  val    25.9
   102430 steps  val    18.8
   122916 steps  val    48.1
   143402 steps  val    47.8
   163889 steps  val    35.6
   180278 steps  val    35.7
   200764 steps  val    51.7
   221251 steps  val    52.3
   241736 steps  val    51.5
   262224 steps  val    51.7
   282709 steps  val    45.9
   303196 steps  val    53.1
   323682 steps  val    53.6
   340072 steps  val    50.4
   360557 steps  val    54.6
   381042 steps  val    55.3
   401530 steps  val    54.6
Done MA-shared-nocomm_TraceFaults_seed1: best validation reward 55.3
