Training RLlibPPO_TraceFaults_seed1
Token authentication is enabled for this Ray cluster. Set RAY_AUTH_MODE=disabled to opt out. For more information, see https://docs.ray.io/en/latest/ray-security/token-auth.html
2026-10-08 01:50:56,880	WARNING algorithm_config.py:5160 -- You are running PPO on the new API stack! This is the new default behavior for this algorithm. If you don't want to use the new API stack, set `config.api_stack(enable_rl_module_and_learner=False,enable_env_runner_and_connector_v2=False)`. For a detailed migration guide, see here: https://docs.ray.io/en/master/rllib/new-api-stack-migration-guide.html
DeprecationWarning: `RLModule(config=[RLModuleConfig object])` has been deprecated. Use `RLModule(observation_space=.., action_space=.., inference_only=.., model_config=.., catalog_class=..)` instead. This will raise an error in the future!
Install gputil for GPU system monitoring.
    20486 steps  val     0.4
    40970 steps  val    11.3
    61457 steps  val     6.9
    81940 steps  val    36.4
   102427 steps  val    18.4
   122914 steps  val    44.4
   143400 steps  val    35.3
   163886 steps  val    47.2
   180276 steps  val    46.9
   200762 steps  val    51.7
   221249 steps  val    53.1
   241735 steps  val    54.6
   262222 steps  val    53.9
   282708 steps  val    52.9
   303194 steps  val    53.9
   323682 steps  val    54.2
   340069 steps  val    53.6
   360555 steps  val    54.7
   381044 steps  val    55.6
   401531 steps  val    55.2
Done RLlibPPO_TraceFaults_seed1: best validation reward 55.6
