Training RLlibPPO_Trace_seed3
Token authentication is enabled for this Ray cluster. Set RAY_AUTH_MODE=disabled to opt out. For more information, see https://docs.ray.io/en/latest/ray-security/token-auth.html
2026-10-08 01:43:00,962	WARNING algorithm_config.py:5160 -- You are running PPO on the new API stack! This is the new default behavior for this algorithm. If you don't want to use the new API stack, set `config.api_stack(enable_rl_module_and_learner=False,enable_env_runner_and_connector_v2=False)`. For a detailed migration guide, see here: https://docs.ray.io/en/master/rllib/new-api-stack-migration-guide.html
DeprecationWarning: `RLModule(config=[RLModuleConfig object])` has been deprecated. Use `RLModule(observation_space=.., action_space=.., inference_only=.., model_config=.., catalog_class=..)` instead. This will raise an error in the future!
Install gputil for GPU system monitoring.
    20490 steps  val    68.8
    40975 steps  val    68.8
    61463 steps  val    68.8
    81948 steps  val    68.8
   102435 steps  val    68.8
   122923 steps  val    68.8
   143408 steps  val    68.8
   163895 steps  val    68.8
   180284 steps  val    67.4
   200771 steps  val    68.2
   221259 steps  val    68.6
   241744 steps  val    68.6
   262231 steps  val    68.2
   282718 steps  val    68.2
   303204 steps  val    67.4
   323691 steps  val    67.4
   340080 steps  val    67.9
   360567 steps  val    67.9
   381054 steps  val    68.3
   401539 steps  val    68.2
Done RLlibPPO_Trace_seed3: best validation reward 68.8
