Training RLlibPPO_TraceFaults_seed3
Token authentication is enabled for this Ray cluster. Set RAY_AUTH_MODE=disabled to opt out. For more information, see https://docs.ray.io/en/latest/ray-security/token-auth.html
2026-10-08 01:54:26,093	WARNING algorithm_config.py:5160 -- You are running PPO on the new API stack! This is the new default behavior for this algorithm. If you don't want to use the new API stack, set `config.api_stack(enable_rl_module_and_learner=False,enable_env_runner_and_connector_v2=False)`. For a detailed migration guide, see here: https://docs.ray.io/en/master/rllib/new-api-stack-migration-guide.html
DeprecationWarning: `RLModule(config=[RLModuleConfig object])` has been deprecated. Use `RLModule(observation_space=.., action_space=.., inference_only=.., model_config=.., catalog_class=..)` instead. This will raise an error in the future!
Install gputil for GPU system monitoring.
    20488 steps  val     2.2
    40973 steps  val    24.3
    61458 steps  val    40.1
    81945 steps  val    31.5
   102431 steps  val    54.7
   122917 steps  val    51.6
   143404 steps  val    52.6
   163890 steps  val    52.6
   180279 steps  val    51.7
   200766 steps  val    53.1
   221252 steps  val    53.3
   241738 steps  val    52.2
   262225 steps  val    52.9
   282712 steps  val    53.7
   303197 steps  val    52.8
   323685 steps  val    52.9
   340073 steps  val    53.8
   360561 steps  val    55.2
   381047 steps  val    56.9
   401533 steps  val    54.6
Done RLlibPPO_TraceFaults_seed3: best validation reward 56.9
