Training RLlibPPO_Trace_seed4
Token authentication is enabled for this Ray cluster. Set RAY_AUTH_MODE=disabled to opt out. For more information, see https://docs.ray.io/en/latest/ray-security/token-auth.html
2026-10-08 01:43:00,961	WARNING algorithm_config.py:5160 -- You are running PPO on the new API stack! This is the new default behavior for this algorithm. If you don't want to use the new API stack, set `config.api_stack(enable_rl_module_and_learner=False,enable_env_runner_and_connector_v2=False)`. For a detailed migration guide, see here: https://docs.ray.io/en/master/rllib/new-api-stack-migration-guide.html
DeprecationWarning: `RLModule(config=[RLModuleConfig object])` has been deprecated. Use `RLModule(observation_space=.., action_space=.., inference_only=.., model_config=.., catalog_class=..)` instead. This will raise an error in the future!
Install gputil for GPU system monitoring.
    20487 steps  val    67.6
    40974 steps  val    68.8
    61460 steps  val    68.8
    81946 steps  val    68.8
   102434 steps  val    68.8
   122920 steps  val    68.8
   143406 steps  val    68.8
   163894 steps  val    68.2
   180282 steps  val    68.8
   200770 steps  val    68.4
   221256 steps  val    68.0
   241742 steps  val    68.2
   262229 steps  val    68.4
   282716 steps  val    68.2
   303202 steps  val    67.9
   323689 steps  val    68.2
   340078 steps  val    68.2
   360565 steps  val    68.2
   381051 steps  val    67.7
   401538 steps  val    68.3
Done RLlibPPO_Trace_seed4: best validation reward 68.8
