Training RLlibPPO_TraceFaults_seed5
Token authentication is enabled for this Ray cluster. Set RAY_AUTH_MODE=disabled to opt out. For more information, see https://docs.ray.io/en/latest/ray-security/token-auth.html
2026-10-08 01:58:56,203	WARNING algorithm_config.py:5160 -- You are running PPO on the new API stack! This is the new default behavior for this algorithm. If you don't want to use the new API stack, set `config.api_stack(enable_rl_module_and_learner=False,enable_env_runner_and_connector_v2=False)`. For a detailed migration guide, see here: https://docs.ray.io/en/master/rllib/new-api-stack-migration-guide.html
DeprecationWarning: `RLModule(config=[RLModuleConfig object])` has been deprecated. Use `RLModule(observation_space=.., action_space=.., inference_only=.., model_config=.., catalog_class=..)` instead. This will raise an error in the future!
Install gputil for GPU system monitoring.
    20484 steps  val    -1.7
    40970 steps  val     8.4
    61454 steps  val     5.4
    81941 steps  val     5.2
   102427 steps  val    20.8
   122913 steps  val    43.0
   143399 steps  val    50.0
   163889 steps  val    48.8
   180278 steps  val    38.4
   200765 steps  val    51.9
   221252 steps  val    53.0
   241738 steps  val    46.5
   262224 steps  val    52.1
   282711 steps  val    53.4
   303198 steps  val    53.8
   323683 steps  val    54.7
   340073 steps  val    53.5
   360559 steps  val    56.2
   381047 steps  val    55.4
   401533 steps  val    53.8
Done RLlibPPO_TraceFaults_seed5: best validation reward 56.2
